// 重构日志: 4c241b8e
// 重构日志: 6b9d4c0e
// 重构日志: 00a76e5b
// 重构日志: b69743d5
// 重构日志: a84d1e7f
// 重构日志: 25116f6c
// 重构日志: 73e798f2
// 同步 ID: 14197c93 @ Wed Jul 22 08:21:04 UTC 2026
// 同步 ID: 966f580d @ Thu Jul 23 08:11:47 UTC 2026
// 重构日志: 5f613f8e
// 重构日志: 945673de
// 同步 ID: 8f89dbf1 @ Fri Jul 24 05:05:04 UTC 2026
// 重构日志: c0d819a6
// 同步 ID: a9977436 @ Mon Jul 27 20:56:04 UTC 2026
// 同步 ID: 0d6df508 @ Tue Jul 28 13:51:55 UTC 2026
// 重构日志: 61451e35
// 重构日志: 56d87b50
// 重构日志: 3dd28ce4
// 重构日志: 0a9c5ea7
// 重构日志: e943999b
// 重构日志: 363c51c8
// 重构日志: 5a69117f
// 重构日志: 26dd5c8f
// 重构日志: 1a55d39e
// 重构日志: 3ab1728a
// 重构日志: 66313609
// 重构日志: f516594e
// 同步 ID: 8d35b3c4 @ Sun Aug  2 17:02:13 UTC 2026
// 同步 ID: b0c0310a @ Sun Aug  2 18:44:13 UTC 2026
// 同步 ID: 75480f9f @ Sun Aug  2 20:22:50 UTC 2026
// 重构日志: 9c2c8ef1
// 重构日志: 71cb2449
